// Jest Snapshot v1, https://goo.gl/fbAQLP

exports[`snapshot test Component correctly renders 1`] = `
<div
  className="cities"
>
  <div
    className="cities__places-container container"
  >
    <section
      className="cities__places places"
    >
      <h2
        className="visually-hidden"
      >
        Places
      </h2>
      <b
        className="places__found"
      >
        4
         places to stay in 
        Amsterdam
      </b>
      <div
        className="cities__components-wrapper"
      >
        <div
          className="price-filter"
        >
          <span
            className="price-filter__value"
          >
            Choose price: 
            100€ - 3100€
          </span>
          <input
            className="price-filter__input"
            id="currentMinPrice"
            max={3100}
            min={100}
            onChange={[Function]}
            onMouseUp={[Function]}
            step="10"
            type="range"
            value={100}
          />
          <input
            className="price-filter__input"
            id="currentMaxPrice"
            max={3100}
            min={100}
            onChange={[Function]}
            onMouseUp={[Function]}
            step="10"
            type="range"
            value={3100}
          />
        </div>
      </div>
      <div
        className="cities__places-list places__list tabs__content"
      />
    </section>
    <div
      className="cities__right-section"
    >
      <section
        className="cities__map map"
      />
    </div>
  </div>
</div>
`;
