// Jest Snapshot v1, https://goo.gl/fbAQLP

exports[`snapshot test App correctly renders 1`] = `
<div
  className="page page--gray page--main"
>
  <main
    className="page__main page__main--index "
  >
    <h1
      className="visually-hidden"
    >
      Cities
    </h1>
    <div
      className="tabs"
    />
  </main>
</div>
`;
